// Jest Snapshot v1, https://goo.gl/fbAQLP

exports[`should render Expense list filters correctly 1`] = `undefined`;
