// Jest Snapshot v1, https://goo.gl/fbAQLP

exports[`should render LoginPage 1`] = `
<div
  className="box-layout"
>
  <div
    className="box-layout__box"
  >
    <h1
      className="box-layout__title"
    >
      Expensify App
    </h1>
    <p>
      Time to tie your expenses together!
    </p>
    <button>
      Login
    </button>
  </div>
</div>
`;
